
C:\Users\PETER>
C:\Users\PETER>desktop
'desktop' is not recognized as an internal or external command,
operable program or batch file.

C:\Users\PETER>cd desktop

C:\Users\PETER\Desktop>cd webdev

C:\Users\PETER\Desktop\webdev>dir
 Volume in drive C is Windows
 Volume Serial Number is 0084-21AF

 Directory of C:\Users\PETER\Desktop\webdev

06/03/2021  04:32 PM    <DIR>          .
06/03/2021  04:32 PM    <DIR>          ..
01/03/2021  10:13 PM               642 first programming class.html
06/03/2021  02:20 PM             1,089 GST111 practice.html
01/03/2021  10:13 PM               123 style for gst111 parctice.css
03/03/2021  07:15 PM               204 style.css
               4 File(s)          2,058 bytes
               2 Dir(s)  587,059,048,448 bytes free

C:\Users\PETER\Desktop\webdev>git init
Reinitialized existing Git repository in C:/Users/PETER/Desktop/webdev/.git/

C:\Users\PETER\Desktop\webdev>git add .

C:\Users\PETER\Desktop\webdev>git commit -m "first commit"
On branch master
nothing to commit, working tree clean

C:\Users\PETER\Desktop\webdev>git remote add origin https://github.com/PeterQuadri/webdev.git
error: remote origin already exists.

C:\Users\PETER\Desktop\webdev>git push -u origin master
fatal: unable to access 'https://github.com/PeterQuadri/webdev.git/': getaddrinfo() thread failed to start

C:\Users\PETER\Desktop\webdev>git remote add origin https://github.com/PeterQuadri/webdev.git
error: remote origin already exists.

C:\Users\PETER\Desktop\webdev>git branch -M main

C:\Users\PETER\Desktop\webdev>git push -u origin main
fatal: unable to access 'https://github.com/PeterQuadri/webdev.git/': getaddrinfo() thread failed to start

C:\Users\PETER\Desktop\webdev>